time="2021-10-14T18:31:07+08:00" level=error msg=error
time="2021-10-14 18:06:35" level=error msg=error func=blog-go/pkg/handler.CreateArticle file="/Users/jay.guokj/projects/blog-go/pkg/handler/article_handler.go:11"
time="2021-11-13 15:03:43" level=error msg=EOF func=blog-go/pkg/handler.CreateArticle file="/Users/jay.guokj/projects/blog-go/pkg/handler/article_handler.go:14"
time="2021-11-13 15:03:43" level=error msg=EOF func=blog-go/pkg/handler.CreateArticle file="/Users/jay.guokj/projects/blog-go/pkg/handler/article_handler.go:14"
time="2021-11-13 15:03:43" level=error msg=EOF func=blog-go/pkg/handler.CreateArticle file="/Users/jay.guokj/projects/blog-go/pkg/handler/article_handler.go:20"
time="2022-04-26 14:02:07" level=error msg=EOF func=blog-go/pkg/handler.CreateArticle file="/Users/jay.guokj/projects/blog-go/pkg/handler/article_handler.go:14"
time="2022-04-26 14:02:34" level=error msg=EOF func=blog-go/pkg/handler.CreateArticle file="/Users/jay.guokj/projects/blog-go/pkg/handler/article_handler.go:14"
time="2022-04-26 15:03:00" level=error msg=EOF func=blog-go/pkg/handler.CreateArticle file="/Users/jay.guokj/projects/blog-go/pkg/handler/article_handler.go:14"
time="2022-04-26 15:03:00" level=error msg=EOF func=blog-go/pkg/handler.CreateArticle file="/Users/jay.guokj/projects/blog-go/pkg/handler/article_handler.go:14"
time="2022-04-26 15:03:04" level=error msg=EOF func=blog-go/pkg/handler.CreateArticle file="/Users/jay.guokj/projects/blog-go/pkg/handler/article_handler.go:14"
time="2022-04-26 15:03:07" level=error msg=EOF func=blog-go/pkg/handler.CreateArticle file="/Users/jay.guokj/projects/blog-go/pkg/handler/article_handler.go:14"
time="2022-04-26 15:03:08" level=error msg=EOF func=blog-go/pkg/handler.CreateArticle file="/Users/jay.guokj/projects/blog-go/pkg/handler/article_handler.go:14"
time="2022-04-26 15:03:49" level=error msg=EOF func=blog-go/pkg/handler.CreateArticle file="/Users/jay.guokj/projects/blog-go/pkg/handler/article_handler.go:14"
time="2022-04-26 15:03:51" level=error msg=EOF func=blog-go/pkg/handler.CreateArticle file="/Users/jay.guokj/projects/blog-go/pkg/handler/article_handler.go:14"
time="2022-04-26 15:03:56" level=error msg=EOF func=blog-go/pkg/handler.CreateArticle file="/Users/jay.guokj/projects/blog-go/pkg/handler/article_handler.go:16"
time="2022-07-08 13:01:25" level=error msg="Error 1045: Access denied for user 'root'@'localhost' (using password: NO)" func=blog-go/pkg/db.InitMySQL file="E:/project/blog-go/pkg/db/db.go:14"
time="2022-07-08 13:01:25" level=error msg="Error 1049: Unknown database 'blog'" func=blog-go/pkg/db.InitMySQL file="E:/project/blog-go/pkg/db/db.go:14"
time="2022-07-08 22:10:08" level=error msg="Error 1146: Table 'blog.article' doesn't exist" func=blog-go/pkg/handler.CreateArticle file="E:/project/blog-go/pkg/handler/article_handler.go:23"
time="2022-07-08 22:10:08" level=error msg="Error 1146: Table 'blog.article' doesn't exist" func=blog-go/pkg/handler.CreateArticle file="E:/project/blog-go/pkg/handler/article_handler.go:23"
